[INFO] [read_lef_refactor.cc:393] [ LEF-I-0012] Start reading LEF file 'test/sky130hd/sky130_fd_sc_hd.tlef'.
[INFO] [read_lef_refactor.cc:420] [ LEF-I-0001] Read LEF file 'test/sky130hd/sky130_fd_sc_hd.tlef' successfully.
[INFO] [read_lef_refactor.cc:393] [ LEF-I-0012] Start reading LEF file 'test/sky130hd/sky130_fd_sc_hd_merged.lef'.
[INFO] [read_lef_refactor.cc:420] [ LEF-I-0001] Read LEF file 'test/sky130hd/sky130_fd_sc_hd_merged.lef' successfully.
[WARNING] [read_verilog.cc:1731] [VRLG-I-0033] Port and net have the same name 'A' in module '\ALU_33_0_33_0_33_unused_CO_X_Y[0]_BRENT_KUNG '. Delete the net with the same name as the port from the module definition.
[WARNING] [read_verilog.cc:1731] [VRLG-I-0033] Port and net have the same name 'B' in module '\ALU_33_0_33_0_33_unused_CO_X_Y[0]_BRENT_KUNG '. Delete the net with the same name as the port from the module definition.
[WARNING] [read_verilog.cc:1748] [VRLG-I-0033] Port and net have the same name 'BI' in module '\ALU_33_0_33_0_33_unused_CO_X_Y[0]_BRENT_KUNG '. Delete the net with the same name as the port from the module definition.
[WARNING] [read_verilog.cc:1748] [VRLG-I-0033] Port and net have the same name 'CI' in module '\ALU_33_0_33_0_33_unused_CO_X_Y[0]_BRENT_KUNG '. Delete the net with the same name as the port from the module definition.
[WARNING] [read_verilog.cc:1731] [VRLG-I-0033] Port and net have the same name '\Y[32:1] ' in module '\ALU_33_0_33_0_33_unused_CO_X_Y[0]_BRENT_KUNG '. Delete the net with the same name as the port from the module definition.
[INFO] [read_verilog.cc:1490] [VRLG-I-0123] Completed reading 1 of 9 modules.
[WARNING] [read_verilog.cc:1731] [VRLG-I-0033] Port and net have the same name 'A' in module 'ALU_33_0_33_0_33_unused_CO_X_Y\[0\]_HAN_CARLSON'. Delete the net with the same name as the port from the module definition.
[WARNING] [read_verilog.cc:1731] [VRLG-I-0033] Port and net have the same name 'B' in module 'ALU_33_0_33_0_33_unused_CO_X_Y\[0\]_HAN_CARLSON'. Delete the net with the same name as the port from the module definition.
[WARNING] [read_verilog.cc:1748] [VRLG-I-0033] Port and net have the same name 'BI' in module 'ALU_33_0_33_0_33_unused_CO_X_Y\[0\]_HAN_CARLSON'. Delete the net with the same name as the port from the module definition.
[WARNING] [read_verilog.cc:1748] [VRLG-I-0033] Port and net have the same name 'CI' in module 'ALU_33_0_33_0_33_unused_CO_X_Y\[0\]_HAN_CARLSON'. Delete the net with the same name as the port from the module definition.
[WARNING] [read_verilog.cc:1731] [VRLG-I-0033] Port and net have the same name '\Y[32:1] ' in module 'ALU_33_0_33_0_33_unused_CO_X_Y\[0\]_HAN_CARLSON'. Delete the net with the same name as the port from the module definition.
[INFO] [read_verilog.cc:1490] [VRLG-I-0123] Completed reading 2 of 9 modules.
[WARNING] [read_verilog.cc:1731] [VRLG-I-0033] Port and net have the same name 'A' in module '\ALU_33_0_33_0_33_unused_CO_X_Y[0]_KOGGE_STONE '. Delete the net with the same name as the port from the module definition.
[WARNING] [read_verilog.cc:1731] [VRLG-I-0033] Port and net have the same name 'B' in module '\ALU_33_0_33_0_33_unused_CO_X_Y[0]_KOGGE_STONE '. Delete the net with the same name as the port from the module definition.
[WARNING] [read_verilog.cc:1748] [VRLG-I-0033] Port and net have the same name 'BI' in module '\ALU_33_0_33_0_33_unused_CO_X_Y[0]_KOGGE_STONE '. Delete the net with the same name as the port from the module definition.
[WARNING] [read_verilog.cc:1748] [VRLG-I-0033] Port and net have the same name 'CI' in module '\ALU_33_0_33_0_33_unused_CO_X_Y[0]_KOGGE_STONE '. Delete the net with the same name as the port from the module definition.
[WARNING] [read_verilog.cc:1731] [VRLG-I-0033] Port and net have the same name '\Y[32:1] ' in module '\ALU_33_0_33_0_33_unused_CO_X_Y[0]_KOGGE_STONE '. Delete the net with the same name as the port from the module definition.
[INFO] [read_verilog.cc:1490] [VRLG-I-0123] Completed reading 3 of 9 modules.
[WARNING] [read_verilog.cc:1731] [VRLG-I-0033] Port and net have the same name 'A' in module '\ALU_33_0_33_0_33_unused_CO_X_Y[0]_SKLANSKY '. Delete the net with the same name as the port from the module definition.
[WARNING] [read_verilog.cc:1731] [VRLG-I-0033] Port and net have the same name 'B' in module '\ALU_33_0_33_0_33_unused_CO_X_Y[0]_SKLANSKY '. Delete the net with the same name as the port from the module definition.
[WARNING] [read_verilog.cc:1748] [VRLG-I-0033] Port and net have the same name 'BI' in module '\ALU_33_0_33_0_33_unused_CO_X_Y[0]_SKLANSKY '. Delete the net with the same name as the port from the module definition.
[WARNING] [read_verilog.cc:1748] [VRLG-I-0033] Port and net have the same name 'CI' in module '\ALU_33_0_33_0_33_unused_CO_X_Y[0]_SKLANSKY '. Delete the net with the same name as the port from the module definition.
[WARNING] [read_verilog.cc:1731] [VRLG-I-0033] Port and net have the same name '\Y[32:1] ' in module '\ALU_33_0_33_0_33_unused_CO_X_Y[0]_SKLANSKY '. Delete the net with the same name as the port from the module definition.
[INFO] [read_verilog.cc:1490] [VRLG-I-0123] Completed reading 4 of 9 modules.
[WARNING] [log.cc:1161] [    BP-0149] The output times of the message VRLG-I-0033 exceed the limit of 20. Other messages will be suppressed.
[INFO] [read_verilog.cc:1490] [VRLG-I-0123] Completed reading 5 of 9 modules.
[INFO] [read_verilog.cc:1490] [VRLG-I-0123] Completed reading 6 of 9 modules.
[INFO] [read_verilog.cc:1490] [VRLG-I-0123] Completed reading 7 of 9 modules.
[INFO] [read_verilog.cc:1490] [VRLG-I-0123] Completed reading 8 of 9 modules.
[INFO] [read_verilog.cc:1490] [VRLG-I-0123] Completed reading 9 of 9 modules.
[INFO] [read_verilog.cc:1088] [VRLG-I-0001] Read Verilog file 'test/ibex_sky130hd.v' successfully.
============================================================
单元面积分析
============================================================
  可用 Macro:  82/84 种
  总面积:      128914.89 µm²  (9.37 /个)
============================================================

  Cell                        面积(µm²)     数量        总面积
  ----------------------------------------------------
  sky130_fd_sc_hd__dfrtp_1     25.024   1650   41289.60
  sky130_fd_sc_hd__nand2_1      3.754   2429    9117.49
  sky130_fd_sc_hd__edfxtp_1     30.029    273    8197.86
  sky130_fd_sc_hd__mux4_2      22.522    343    7724.91
  sky130_fd_sc_hd__o21ai_0      5.005   1539    7702.39
  sky130_fd_sc_hd__a21oi_1      5.005   1005    5029.82
  sky130_fd_sc_hd__mux2_1      11.261    388    4369.19
  sky130_fd_sc_hd__mux2i_1     10.010    436    4364.19
  sky130_fd_sc_hd__xnor2_1      8.758    490    4291.62
  sky130_fd_sc_hd__nor2_1       3.754   1073    4027.61
