[INFO] [read_lef_refactor.cc:393] [ LEF-I-0012] Start reading LEF file '/home/zixiao/OpenROAD/test/Nangate45/Nangate45.lef'.
[INFO] [read_lef_refactor.cc:420] [ LEF-I-0001] Read LEF file '/home/zixiao/OpenROAD/test/Nangate45/Nangate45.lef' successfully.
[INFO] [read_def_refactor.cc:404] [ DEF-I-0159] Start to read DEF file '/home/zixiao/or_synth_demo/demo_out.def'.
[INFO] [read_def_refactor.cc:372] [ DEF-I-0012] DEF parser information message: 'Open file /home/zixiao/or_synth_demo/demo_out.def successfully.'.
[INFO] [read_def_refactor.cc:372] [ DEF-I-0012] DEF parser information message: 'Start to read file /home/zixiao/or_synth_demo/demo_out.def.'.
[INFO] [read_def_refactor.cc:432] [ DEF-I-0001] Read DEF file '/home/zixiao/or_synth_demo/demo_out.def' successfully.

============================================================
  基础统计
============================================================
  Instance:  231
  Cell 类型: 21
  Port:      56  (IN:37  OUT:19  INOUT:0)
  Net:       307

============================================================
  单元分布
============================================================
  Cell                             数量       占比
  ------------------------------------------
  AOI21_X1                         34    14.7%
  DFF_X1                           34    14.7%
  MUX2_X1                          32    13.9%
  NOR2_X1                          27    11.7%
  NAND2_X1                         19     8.2%
  XNOR2_X1                         19     8.2%
  AOI22_X1                         12     5.2%
  OAI21_X1                          9     3.9%
  OR2_X1                            8     3.5%
  XOR2_X1                           8     3.5%
  AND2_X1                           7     3.0%
  NOR4_X1                           4     1.7%
  AOI221_X1                         4     1.7%
  INV_X1                            3     1.3%
  AOI211_X1                         3     1.3%
  ... (共 21 种)

  Top 3 (AOI21_X1, DFF_X1, MUX2_X1) = 100 (43%)

============================================================
  功能分类
============================================================
  AOI21                34  (14.7%)
  DFF                  34  (14.7%)
  MUX2                 32  (13.9%)
  NOR2                 27  (11.7%)
  NAND2                19  (8.2%)
  XNOR2                19  (8.2%)
  AOI22                12  (5.2%)
  OAI21                 9  (3.9%)
  OR2                   8  (3.5%)
  XOR2                  8  (3.5%)
  AND2                  7  (3.0%)
  NOR4                  4  (1.7%)
  AOI221                4  (1.7%)
  INV                   3  (1.3%)
  AOI211                3  (1.3%)

============================================================
  连接度
============================================================
  Degree (标准单元): 均值 3.7  σ=0.7  范围 2–6
  Fanout (信号网): 均值 1.9  P95=5  最大 19

============================================================
  宏单元（SRAM/ROM/regfile/pad）—— 单独分析，不计入 Degree 统计
============================================================
  无宏单元

============================================================
  特殊网（时钟/复位/常量）—— 单独分析，不计入 Fanout 统计
============================================================
  Clock 网: 1 条 | Reset 网: 1 条 | 常量网: 0 条

  [clock   ] clk                                      FO=34
  [reset   ] reset                                    FO=2
  Rent  p:   1.186    k: 1.32  (标准单元)
  CSV → results/gcd_dizo/pnr/summary.csv  macro_cells.csv  special_nets.csv  cell_distribution.csv

============================================================
  Done — 图表 → out/
============================================================
