[WARNING] [read_verilog.cc:1748] [VRLG-I-0033] Port and net have the same name 'clk' in module 'gcd'. Delete the net with the same name as the port from the module definition.
[WARNING] [read_verilog.cc:1731] [VRLG-I-0033] Port and net have the same name 'req_msg' in module 'gcd'. Delete the net with the same name as the port from the module definition.
[WARNING] [read_verilog.cc:1748] [VRLG-I-0033] Port and net have the same name 'req_rdy' in module 'gcd'. Delete the net with the same name as the port from the module definition.
[WARNING] [read_verilog.cc:1748] [VRLG-I-0033] Port and net have the same name 'req_val' in module 'gcd'. Delete the net with the same name as the port from the module definition.
[WARNING] [read_verilog.cc:1748] [VRLG-I-0033] Port and net have the same name 'reset' in module 'gcd'. Delete the net with the same name as the port from the module definition.
[WARNING] [read_verilog.cc:1731] [VRLG-I-0033] Port and net have the same name 'resp_msg' in module 'gcd'. Delete the net with the same name as the port from the module definition.
[WARNING] [read_verilog.cc:1748] [VRLG-I-0033] Port and net have the same name 'resp_rdy' in module 'gcd'. Delete the net with the same name as the port from the module definition.
[WARNING] [read_verilog.cc:1748] [VRLG-I-0033] Port and net have the same name 'resp_val' in module 'gcd'. Delete the net with the same name as the port from the module definition.
[INFO] [read_verilog.cc:1490] [VRLG-I-0123] Completed reading 1 of 1 modules.
[INFO] [read_verilog.cc:1088] [VRLG-I-0001] Read Verilog file 'test/gcd_sky130hs.v' successfully.
[INFO] [read_liberty.cc:557] [ LIB-I-0007] Start to read liberty file 'test/sky130hs/sky130_fd_sc_hs__tt_025C_1v80.lib'.
SysAlloc madvise success at 0x77a7d2dff000
[INFO] [read_liberty.cc:601] [ LIB-I-0011] Liberty file 'test/sky130hs/sky130_fd_sc_hs__tt_025C_1v80.lib' is read successfully.
[INFO] [lib_manager.cc:315] [    DM-0024] The lib 'sky130_fd_sc_hs__tt_025C_1v80' has been added to the corner 'unspecified_corner' of the corner set 'unspecified_corner_set' successfully.
[进度] LIB 加载：68 个 cell 有引脚角色，68 个时序单元
[进度] 读取模块实例 ...
[进度] 实例 388，网 426
[进度] 分类完成：seq=35 icg=0 clkbuf=6 comb=347
[进度] 时钟引脚提取完成：35 个寄存器有时钟引脚
[进度] 时钟域聚类完成：1 个时钟域

================================================================
  时钟结构分析  —  gcd
================================================================

[1] 单元分类
  时序单元 (DFF/Latch):  35
  CLKBUF/CLKINV 命名单元: 6  (未必在时钟路径，见 [6] 拓扑)
  时钟门控 (ICG 命名):   0
  组合逻辑:              347

[2] 时序单元类型分布
  sky130_fd_sc_hs__edfxtp_1     32
  sky130_fd_sc_hs__dfxtp_1      3

[3] 时钟域（1 个）
  时钟根 'clk': 35 个寄存器  (SDC 无定义)

[4] 时钟门控
  无时钟门控单元（未插入 ICG）

[5] 复位/使能
  带复位寄存器: 0 / 35
  带使能/scan 寄存器: 0 / 35

[6] 时钟树拓扑
  时钟域 'clk':
    深度 0 层 | buffer 0 个 | 寄存器叶子 35 个 | 其他 0 个
    L0: buffer=0    叶子=35    其他=0    (buffer 平均扇出 0.0)

  CSV → results/repro/gcd_sky130hs/clock_summary.csv  clock_domains.csv  seq_cells.csv
  PNG → results/repro/gcd_sky130hs/clock_structure.png

================================================================
  Done.
================================================================
