[WARNING] [read_verilog.cc:1748] [VRLG-I-0033] Port and net have the same name 'clk' in module 'gcd'. Delete the net with the same name as the port from the module definition.
[WARNING] [read_verilog.cc:1731] [VRLG-I-0033] Port and net have the same name 'req_msg' in module 'gcd'. Delete the net with the same name as the port from the module definition.
[WARNING] [read_verilog.cc:1748] [VRLG-I-0033] Port and net have the same name 'req_rdy' in module 'gcd'. Delete the net with the same name as the port from the module definition.
[WARNING] [read_verilog.cc:1748] [VRLG-I-0033] Port and net have the same name 'req_val' in module 'gcd'. Delete the net with the same name as the port from the module definition.
[WARNING] [read_verilog.cc:1748] [VRLG-I-0033] Port and net have the same name 'reset' in module 'gcd'. Delete the net with the same name as the port from the module definition.
[WARNING] [read_verilog.cc:1731] [VRLG-I-0033] Port and net have the same name 'resp_msg' in module 'gcd'. Delete the net with the same name as the port from the module definition.
[WARNING] [read_verilog.cc:1748] [VRLG-I-0033] Port and net have the same name 'resp_rdy' in module 'gcd'. Delete the net with the same name as the port from the module definition.
[WARNING] [read_verilog.cc:1748] [VRLG-I-0033] Port and net have the same name 'resp_val' in module 'gcd'. Delete the net with the same name as the port from the module definition.
[INFO] [read_verilog.cc:1490] [VRLG-I-0123] Completed reading 1 of 1 modules.
[INFO] [read_verilog.cc:1088] [VRLG-I-0001] Read Verilog file 'test/gcd_sky130hs.v' successfully.
================================================================
  纯网表基础统计
================================================================
  总 Instance:   388
  Cell 类型:     42 种
  Port:          56  (IN:0  OUT:0  INOUT:0)
  Net:           426

  Cell                         数量       占比
  --------------------------------------
  sky130_fd_sc_hs__nand2_1    128    33.0%
  sky130_fd_sc_hs__nor2_1      39    10.1%
  sky130_fd_sc_hs__edfxtp_1     32     8.2%
  sky130_fd_sc_hs__nand3_1     31     8.0%
  sky130_fd_sc_hs__inv_1       24     6.2%
  sky130_fd_sc_hs__a21oi_1     20     5.2%
  sky130_fd_sc_hs__and2_1      13     3.4%
  sky130_fd_sc_hs__xnor2_1     12     3.1%
  sky130_fd_sc_hs__nand4_1      9     2.3%
  sky130_fd_sc_hs__nand2b_1      8     2.1%
  sky130_fd_sc_hs__clkbuf_2      6     1.5%
  sky130_fd_sc_hs__nand2_2      6     1.5%
  sky130_fd_sc_hs__and2_2       6     1.5%
  sky130_fd_sc_hs__inv_2        5     1.3%
  sky130_fd_sc_hs__xnor2_2      5     1.3%

  Top 3 (sky130_fd_sc_hs__nand2_1, sky130_fd_sc_hs__nor2_1, sky130_fd_sc_hs__edfxtp_1) = 199 (51%)

  功能类别                 数量       占比
  ------------------------------
  sky130_fd_sc_hs__nand2_1    128    33.0%
  sky130_fd_sc_hs__nor2_1     39    10.1%
  sky130_fd_sc_hs__edfxtp_1     32     8.2%
  sky130_fd_sc_hs__nand3_1     31     8.0%
  sky130_fd_sc_hs__inv_1     24     6.2%
  sky130_fd_sc_hs__a21oi_1     20     5.2%
  sky130_fd_sc_hs__and2_1     13     3.4%
  sky130_fd_sc_hs__xnor2_1     12     3.1%
  sky130_fd_sc_hs__nand4_1      9     2.3%
  sky130_fd_sc_hs__nand2b_1      8     2.1%
================================================================

Saved: results/repro/gcd_sky130hs/cells.png
Saved: results/repro/gcd_sky130hs/cell_functions.png
