[WARNING] [read_verilog.cc:1748] [VRLG-I-0033] Port and net have the same name 'clk' in module 'gcd'. Delete the net with the same name as the port from the module definition.
[WARNING] [read_verilog.cc:1731] [VRLG-I-0033] Port and net have the same name 'req_msg' in module 'gcd'. Delete the net with the same name as the port from the module definition.
[WARNING] [read_verilog.cc:1748] [VRLG-I-0033] Port and net have the same name 'req_rdy' in module 'gcd'. Delete the net with the same name as the port from the module definition.
[WARNING] [read_verilog.cc:1748] [VRLG-I-0033] Port and net have the same name 'req_val' in module 'gcd'. Delete the net with the same name as the port from the module definition.
[WARNING] [read_verilog.cc:1748] [VRLG-I-0033] Port and net have the same name 'reset' in module 'gcd'. Delete the net with the same name as the port from the module definition.
[WARNING] [read_verilog.cc:1731] [VRLG-I-0033] Port and net have the same name 'resp_msg' in module 'gcd'. Delete the net with the same name as the port from the module definition.
[WARNING] [read_verilog.cc:1748] [VRLG-I-0033] Port and net have the same name 'resp_rdy' in module 'gcd'. Delete the net with the same name as the port from the module definition.
[WARNING] [read_verilog.cc:1748] [VRLG-I-0033] Port and net have the same name 'resp_val' in module 'gcd'. Delete the net with the same name as the port from the module definition.
[INFO] [read_verilog.cc:1490] [VRLG-I-0123] Completed reading 1 of 1 modules.
[INFO] [read_verilog.cc:1088] [VRLG-I-0001] Read Verilog file 'test/gcd_sky130hs.v' successfully.

============================================================
  基础统计
============================================================
  Instance:  388
  Cell 类型: 42
  Port:      56  (IN:37  OUT:19  INOUT:0)
  Net:       426

============================================================
  单元分布
============================================================
  Cell                             数量       占比
  ------------------------------------------
  sky130_fd_sc_hs__nand2_1        128    33.0%
  sky130_fd_sc_hs__nor2_1          39    10.1%
  sky130_fd_sc_hs__edfxtp_1        32     8.2%
  sky130_fd_sc_hs__nand3_1         31     8.0%
  sky130_fd_sc_hs__inv_1           24     6.2%
  sky130_fd_sc_hs__a21oi_1         20     5.2%
  sky130_fd_sc_hs__and2_1          13     3.4%
  sky130_fd_sc_hs__xnor2_1         12     3.1%
  sky130_fd_sc_hs__nand4_1          9     2.3%
  sky130_fd_sc_hs__nand2b_1         8     2.1%
  sky130_fd_sc_hs__clkbuf_2         6     1.5%
  sky130_fd_sc_hs__nand2_2          6     1.5%
  sky130_fd_sc_hs__and2_2           6     1.5%
  sky130_fd_sc_hs__inv_2            5     1.3%
  sky130_fd_sc_hs__xnor2_2          5     1.3%
  ... (共 42 种)

  Top 3 (sky130_fd_sc_hs__nand2_1, sky130_fd_sc_hs__nor2_1, sky130_fd_sc_hs__edfxtp_1) = 199 (51%)

============================================================
  功能分类
============================================================
  sky130_fd_sc_hs__nand2_1    128  (33.0%)
  sky130_fd_sc_hs__nor2_1     39  (10.1%)
  sky130_fd_sc_hs__edfxtp_1     32  (8.2%)
  sky130_fd_sc_hs__nand3_1     31  (8.0%)
  sky130_fd_sc_hs__inv_1     24  (6.2%)
  sky130_fd_sc_hs__a21oi_1     20  (5.2%)
  sky130_fd_sc_hs__and2_1     13  (3.4%)
  sky130_fd_sc_hs__xnor2_1     12  (3.1%)
  sky130_fd_sc_hs__nand4_1      9  (2.3%)
  sky130_fd_sc_hs__nand2b_1      8  (2.1%)
  sky130_fd_sc_hs__clkbuf_2      6  (1.5%)
  sky130_fd_sc_hs__nand2_2      6  (1.5%)
  sky130_fd_sc_hs__and2_2      6  (1.5%)
  sky130_fd_sc_hs__inv_2      5  (1.3%)
  sky130_fd_sc_hs__xnor2_2      5  (1.3%)

============================================================
  连接度
============================================================
  Degree (标准单元): 均值 3.2  σ=0.7  范围 2–5
  Fanout (信号网): 均值 2.9  P95=6  最大 17

============================================================
  宏单元（SRAM/ROM/regfile/pad）—— 单独分析，不计入 Degree 统计
============================================================
  无宏单元

============================================================
  特殊网（时钟/复位/常量）—— 单独分析，不计入 Fanout 统计
============================================================
  Clock 网: 1 条 | Reset 网: 1 条 | 常量网: 0 条

  [clock   ] clk                                      FO=35
  [reset   ] reset                                    FO=4
  Rent  p:   1.132    k: 1.41  (标准单元)
  CSV → results/repro/gcd_sky130hs/summary.csv  macro_cells.csv  special_nets.csv  cell_distribution.csv

============================================================
  Done — 图表 → out/
============================================================
