[WARNING] [read_verilog.cc:1748] [VRLG-I-0033] Port and net have the same name 'clk' in module 'aes_cipher_top'. Delete the net with the same name as the port from the module definition.
[WARNING] [read_verilog.cc:1748] [VRLG-I-0033] Port and net have the same name 'done' in module 'aes_cipher_top'. Delete the net with the same name as the port from the module definition.
[WARNING] [read_verilog.cc:1731] [VRLG-I-0033] Port and net have the same name 'key' in module 'aes_cipher_top'. Delete the net with the same name as the port from the module definition.
[WARNING] [read_verilog.cc:1748] [VRLG-I-0033] Port and net have the same name 'ld' in module 'aes_cipher_top'. Delete the net with the same name as the port from the module definition.
[WARNING] [read_verilog.cc:1748] [VRLG-I-0033] Port and net have the same name 'rst' in module 'aes_cipher_top'. Delete the net with the same name as the port from the module definition.
[WARNING] [read_verilog.cc:1731] [VRLG-I-0033] Port and net have the same name 'text_in' in module 'aes_cipher_top'. Delete the net with the same name as the port from the module definition.
[WARNING] [read_verilog.cc:1731] [VRLG-I-0033] Port and net have the same name 'text_out' in module 'aes_cipher_top'. Delete the net with the same name as the port from the module definition.
[INFO] [read_verilog.cc:1490] [VRLG-I-0123] Completed reading 1 of 1 modules.
[INFO] [read_verilog.cc:1088] [VRLG-I-0001] Read Verilog file 'test/aes_nangate45.v' successfully.
[INFO] [read_liberty.cc:557] [ LIB-I-0007] Start to read liberty file 'test/Nangate45/NangateOpenCellLibrary_typical.lib'.
SysAlloc madvise success at 0x79622a5ff000
[INFO] [read_liberty.cc:601] [ LIB-I-0011] Liberty file 'test/Nangate45/NangateOpenCellLibrary_typical.lib' is read successfully.
[INFO] [lib_manager.cc:315] [    DM-0024] The lib 'NangateOpenCellLibrary_typical' has been added to the corner 'typical' of the corner set 'unspecified_corner_set' successfully.
[进度] LIB 加载：29 个 cell 有引脚角色，29 个时序单元
[进度] 读取模块实例 ...
[进度] 实例 11951，网 12778
[进度] 分类完成：seq=561 icg=0 clkbuf=0 comb=11390
[进度] 时钟引脚提取完成：561 个寄存器有时钟引脚
[进度] 时钟域聚类完成：1 个时钟域

================================================================
  时钟结构分析  —  aes_cipher_top
================================================================

[1] 单元分类
  时序单元 (DFF/Latch):  561
  CLKBUF/CLKINV 命名单元: 0  (未必在时钟路径，见 [6] 拓扑)
  时钟门控 (ICG 命名):   0
  组合逻辑:              11390

[2] 时序单元类型分布
  DFF_X1                      561

[3] 时钟域（1 个）
  时钟根 'clk': 561 个寄存器  (SDC 无定义)

[4] 时钟门控
  无时钟门控单元（未插入 ICG）

[5] 复位/使能
  带复位寄存器: 0 / 561
  带使能/scan 寄存器: 0 / 561

[6] 时钟树拓扑
  时钟域 'clk':
    深度 0 层 | buffer 0 个 | 寄存器叶子 561 个 | 其他 0 个
    L0: buffer=0    叶子=561   其他=0    (buffer 平均扇出 0.0)

  CSV → results/repro/aes_nangate45/clock_summary.csv  clock_domains.csv  seq_cells.csv
  PNG → results/repro/aes_nangate45/clock_structure.png

================================================================
  Done.
================================================================
