[WARNING] [read_verilog.cc:1731] [VRLG-I-0033] Port and net have the same name 'amp' in module 'jpeg_encoder'. Delete the net with the same name as the port from the module definition.
[WARNING] [read_verilog.cc:1748] [VRLG-I-0033] Port and net have the same name 'clk' in module 'jpeg_encoder'. Delete the net with the same name as the port from the module definition.
[WARNING] [read_verilog.cc:1731] [VRLG-I-0033] Port and net have the same name 'din' in module 'jpeg_encoder'. Delete the net with the same name as the port from the module definition.
[WARNING] [read_verilog.cc:1748] [VRLG-I-0033] Port and net have the same name 'douten' in module 'jpeg_encoder'. Delete the net with the same name as the port from the module definition.
[WARNING] [read_verilog.cc:1748] [VRLG-I-0033] Port and net have the same name 'dstrb' in module 'jpeg_encoder'. Delete the net with the same name as the port from the module definition.
[WARNING] [read_verilog.cc:1748] [VRLG-I-0033] Port and net have the same name 'ena' in module 'jpeg_encoder'. Delete the net with the same name as the port from the module definition.
[WARNING] [read_verilog.cc:1731] [VRLG-I-0033] Port and net have the same name 'qnt_cnt' in module 'jpeg_encoder'. Delete the net with the same name as the port from the module definition.
[WARNING] [read_verilog.cc:1731] [VRLG-I-0033] Port and net have the same name 'qnt_val' in module 'jpeg_encoder'. Delete the net with the same name as the port from the module definition.
[WARNING] [read_verilog.cc:1731] [VRLG-I-0033] Port and net have the same name 'rlen' in module 'jpeg_encoder'. Delete the net with the same name as the port from the module definition.
[WARNING] [read_verilog.cc:1748] [VRLG-I-0033] Port and net have the same name 'rst' in module 'jpeg_encoder'. Delete the net with the same name as the port from the module definition.
[WARNING] [read_verilog.cc:1731] [VRLG-I-0033] Port and net have the same name 'size' in module 'jpeg_encoder'. Delete the net with the same name as the port from the module definition.
[INFO] [read_verilog.cc:1490] [VRLG-I-0123] Completed reading 1 of 1 modules.
[INFO] [read_verilog.cc:1088] [VRLG-I-0001] Read Verilog file 'test/jpeg_sky130hd.v' successfully.
[INFO] [read_liberty.cc:557] [ LIB-I-0007] Start to read liberty file 'test/sky130hd/sky130_fd_sc_hd__tt_025C_1v80.lib'.
SysAlloc madvise success at 0x7cb69fbff000
[INFO] [read_liberty.cc:601] [ LIB-I-0011] Liberty file 'test/sky130hd/sky130_fd_sc_hd__tt_025C_1v80.lib' is read successfully.
[INFO] [lib_manager.cc:315] [    DM-0024] The lib 'sky130_fd_sc_hd__tt_025C_1v80' has been added to the corner 'tt_025C_1v80' of the corner set 'unspecified_corner_set' successfully.
[进度] LIB 加载：69 个 cell 有引脚角色，69 个时序单元
[进度] 读取模块实例 ...
[进度] 实例 33083，网 41023
[进度] 分类完成：seq=4384 icg=0 clkbuf=874 comb=27825
[进度] 时钟引脚提取完成：4384 个寄存器有时钟引脚
[进度] 时钟域聚类完成：1 个时钟域

================================================================
  时钟结构分析  —  jpeg_encoder
================================================================

[1] 单元分类
  时序单元 (DFF/Latch):  4384
  CLKBUF/CLKINV 命名单元: 874  (未必在时钟路径，见 [6] 拓扑)
  时钟门控 (ICG 命名):   0
  组合逻辑:              27825

[2] 时序单元类型分布
  sky130_fd_sc_hd__edfxtp_1   4318
  sky130_fd_sc_hd__dfrtp_1     64
  sky130_fd_sc_hd__dfstp_2      2

[3] 时钟域（1 个）
  时钟根 'clk': 4384 个寄存器  (SDC 无定义)

[4] 时钟门控
  无时钟门控单元（未插入 ICG）

[5] 复位/使能
  带复位寄存器: 0 / 4384
  带使能/scan 寄存器: 0 / 4384

[6] 时钟树拓扑
  时钟域 'clk':
    深度 0 层 | buffer 0 个 | 寄存器叶子 4384 个 | 其他 0 个
    L0: buffer=0    叶子=4384  其他=0    (buffer 平均扇出 0.0)

  CSV → results/repro/jpeg_sky130hd/clock_summary.csv  clock_domains.csv  seq_cells.csv
  PNG → results/repro/jpeg_sky130hd/clock_structure.png

================================================================
  Done.
================================================================
